No files changed, compilation skipped

Ran 33 tests for test/DripVault.t.sol:DripVaultTest
[PASS] testFuzz_compound_anyPrice(uint256) (runs: 256, ╬╝: 394547, ~: 386924)
[PASS] testFuzz_deposit(uint256) (runs: 256, ╬╝: 365821, ~: 365960)
[PASS] testFuzz_feeInvariant(uint256) (runs: 256, ╬╝: 4053, ~: 3201)
[PASS] testFuzz_withdraw(uint256) (runs: 257, ╬╝: 405053, ~: 405631)
[PASS] test_claimCreatorYield() (gas: 511682)
[PASS] test_claimCreatorYield_notCreator_reverts() (gas: 23097)
[PASS] test_compound_defensiveEnters() (gas: 475255)
[PASS] test_compound_defensiveExits() (gas: 459161)
[PASS] test_compound_deltaSkimHappy() (gas: 512569)
[PASS] test_compound_feeInvariant() (gas: 525718)
[PASS] test_compound_noProfit_returnsEarly() (gas: 378807)
[PASS] test_compound_noRevertWhenPaused() (gas: 376043)
[FAIL: panic: arithmetic underflow or overflow (0x11)] test_compound_staleOracle() (gas: 392239)
[PASS] test_deposit_firstDepositor() (gas: 350216)
[PASS] test_deposit_incrementsDepositorCount() (gas: 527465)
[PASS] test_deposit_secondDepositor() (gas: 446567)
[PASS] test_deposit_whenPaused_reverts() (gas: 51486)
[PASS] test_deposit_zeroAmount_reverts() (gas: 24207)
[PASS] test_emergencySync_correctsPoolShares() (gas: 365505)
[PASS] test_getDefensiveStatus() (gas: 21420)
[PASS] test_initialize_once() (gas: 29115)
[PASS] test_initialize_setsDefaults() (gas: 25158)
[PASS] test_initialize_setsOraclePrice() (gas: 10667)
[PASS] test_maxDeposit_whenPaused() (gas: 46166)
[PASS] test_previewDeposit_accurate() (gas: 347208)
[PASS] test_previewWithdraw_accurate() (gas: 351355)
[PASS] test_totalAssets_readsFromPool() (gas: 346244)
[PASS] test_vaultInfo() (gas: 366455)
[PASS] test_withdraw_full_decrementsDepositorCount() (gas: 380784)
[PASS] test_withdraw_insufficientShares_reverts() (gas: 350851)
[PASS] test_withdraw_partial_keepDepositorCount() (gas: 403005)
[PASS] test_withdraw_poolSharesCalculation() (gas: 378088)
[PASS] test_withdraw_zeroShares_reverts() (gas: 30583)
Suite result: FAILED. 32 passed; 1 failed; 0 skipped; finished in 146.25ms (366.96ms CPU time)

Ran 1 test suite in 156.30ms (146.25ms CPU time): 32 tests passed, 1 failed, 0 skipped (33 total tests)

Failing tests:
Encountered 1 failing test in test/DripVault.t.sol:DripVaultTest
[FAIL: panic: arithmetic underflow or overflow (0x11)] test_compound_staleOracle() (gas: 392239)

Encountered a total of 1 failing tests, 32 tests succeeded

Tip: Run `forge test --rerun` to retry only the 1 failed test
